
/home/jithin/Documents/kuttypy-gui/examples/ASM/sine-wave:     file format elf32-avr


Disassembly of section .text:

00000000 <__vectors>:
   0:	0c 94 2a 00 	jmp	0x54	; 0x54 <__ctors_end>
   4:	0c 94 47 00 	jmp	0x8e	; 0x8e <__bad_interrupt>
   8:	0c 94 47 00 	jmp	0x8e	; 0x8e <__bad_interrupt>
   c:	0c 94 47 00 	jmp	0x8e	; 0x8e <__bad_interrupt>
  10:	0c 94 47 00 	jmp	0x8e	; 0x8e <__bad_interrupt>
  14:	0c 94 47 00 	jmp	0x8e	; 0x8e <__bad_interrupt>
  18:	0c 94 47 00 	jmp	0x8e	; 0x8e <__bad_interrupt>
  1c:	0c 94 47 00 	jmp	0x8e	; 0x8e <__bad_interrupt>
  20:	0c 94 47 00 	jmp	0x8e	; 0x8e <__bad_interrupt>
  24:	0c 94 47 00 	jmp	0x8e	; 0x8e <__bad_interrupt>
  28:	0c 94 49 00 	jmp	0x92	; 0x92 <__vector_10>
  2c:	0c 94 47 00 	jmp	0x8e	; 0x8e <__bad_interrupt>
  30:	0c 94 47 00 	jmp	0x8e	; 0x8e <__bad_interrupt>
  34:	0c 94 47 00 	jmp	0x8e	; 0x8e <__bad_interrupt>
  38:	0c 94 47 00 	jmp	0x8e	; 0x8e <__bad_interrupt>
  3c:	0c 94 47 00 	jmp	0x8e	; 0x8e <__bad_interrupt>
  40:	0c 94 47 00 	jmp	0x8e	; 0x8e <__bad_interrupt>
  44:	0c 94 47 00 	jmp	0x8e	; 0x8e <__bad_interrupt>
  48:	0c 94 47 00 	jmp	0x8e	; 0x8e <__bad_interrupt>
  4c:	0c 94 47 00 	jmp	0x8e	; 0x8e <__bad_interrupt>
  50:	0c 94 47 00 	jmp	0x8e	; 0x8e <__bad_interrupt>

00000054 <__ctors_end>:
  54:	11 24       	eor	r1, r1
  56:	1f be       	out	0x3f, r1	; 63
  58:	cf e5       	ldi	r28, 0x5F	; 95
  5a:	d8 e0       	ldi	r29, 0x08	; 8
  5c:	de bf       	out	0x3e, r29	; 62
  5e:	cd bf       	out	0x3d, r28	; 61

00000060 <__do_copy_data>:
  60:	10 e0       	ldi	r17, 0x00	; 0
  62:	a0 e6       	ldi	r26, 0x60	; 96
  64:	b0 e0       	ldi	r27, 0x00	; 0
  66:	e2 ed       	ldi	r30, 0xD2	; 210
  68:	f0 e0       	ldi	r31, 0x00	; 0
  6a:	02 c0       	rjmp	.+4      	; 0x70 <__do_copy_data+0x10>
  6c:	05 90       	lpm	r0, Z+
  6e:	0d 92       	st	X+, r0
  70:	a2 38       	cpi	r26, 0x82	; 130
  72:	b1 07       	cpc	r27, r17
  74:	d9 f7       	brne	.-10     	; 0x6c <__do_copy_data+0xc>

00000076 <__do_clear_bss>:
  76:	20 e0       	ldi	r18, 0x00	; 0
  78:	a2 e8       	ldi	r26, 0x82	; 130
  7a:	b0 e0       	ldi	r27, 0x00	; 0
  7c:	01 c0       	rjmp	.+2      	; 0x80 <.do_clear_bss_start>

0000007e <.do_clear_bss_loop>:
  7e:	1d 92       	st	X+, r1

00000080 <.do_clear_bss_start>:
  80:	a2 38       	cpi	r26, 0x82	; 130
  82:	b2 07       	cpc	r27, r18
  84:	e1 f7       	brne	.-8      	; 0x7e <.do_clear_bss_loop>
  86:	0e 94 52 00 	call	0xa4	; 0xa4 <main>
  8a:	0c 94 67 00 	jmp	0xce	; 0xce <_exit>

0000008e <__bad_interrupt>:
  8e:	0c 94 00 00 	jmp	0	; 0x0 <__vectors>

00000092 <__vector_10>:
  92:	8d 91       	ld	r24, X+
  94:	80 93 38 00 	sts	0x0038, r24	; 0x800038 <__TEXT_REGION_LENGTH__+0x7e0038>
  98:	63 95       	inc	r22
  9a:	46 13       	cpse	r20, r22
  9c:	18 95       	reti
  9e:	66 27       	eor	r22, r22
  a0:	a0 52       	subi	r26, 0x20	; 32
  a2:	18 95       	reti

000000a4 <main>:
  a4:	0f ef       	ldi	r16, 0xFF	; 255
  a6:	00 93 37 00 	sts	0x0037, r16	; 0x800037 <__TEXT_REGION_LENGTH__+0x7e0037>
  aa:	09 e0       	ldi	r16, 0x09	; 9
  ac:	00 93 53 00 	sts	0x0053, r16	; 0x800053 <__TEXT_REGION_LENGTH__+0x7e0053>
  b0:	02 e3       	ldi	r16, 0x32	; 50
  b2:	00 93 5c 00 	sts	0x005C, r16	; 0x80005c <__TEXT_REGION_LENGTH__+0x7e005c>
  b6:	02 e0       	ldi	r16, 0x02	; 2
  b8:	00 93 59 00 	sts	0x0059, r16	; 0x800059 <__TEXT_REGION_LENGTH__+0x7e0059>
  bc:	02 e0       	ldi	r16, 0x02	; 2
  be:	00 93 58 00 	sts	0x0058, r16	; 0x800058 <__TEXT_REGION_LENGTH__+0x7e0058>
  c2:	a0 e6       	ldi	r26, 0x60	; 96
  c4:	b0 e0       	ldi	r27, 0x00	; 0
  c6:	66 27       	eor	r22, r22
  c8:	40 e2       	ldi	r20, 0x20	; 32
  ca:	78 94       	sei

000000cc <loop>:
  cc:	ff cf       	rjmp	.-2      	; 0xcc <loop>

000000ce <_exit>:
  ce:	f8 94       	cli

000000d0 <__stop_program>:
  d0:	ff cf       	rjmp	.-2      	; 0xd0 <__stop_program>
